Fri Jul 10 18:41:39 2026: [127.0.0.1] GET ../webpages/index.html
Fri Jul 10 18:41:40 2026: [127.0.0.1] GET ../webpages/style.css
Fri Jul 10 18:42:10 2026: [127.0.0.1] GET ../webpages/index.html
Fri Jul 10 18:42:10 2026: [127.0.0.1] GET ../webpages/style.css
Fri Jul 10 19:22:07 2026GET ../webpages/index.html
Fri Jul 10 19:22:07 2026GET ../webpages/style.css
Fri Jul 10 19:22:25 2026GET ../webpages/index.html
Fri Jul 10 19:22:26 2026GET ../webpages/style.css
Sat Jul 11 01:09:45 2026GET ../webpages/index.html
Sat Jul 11 01:09:45 2026GET ../webpages/style.css
Sat Jul 11 01:09:51 2026GET ../webpages/favicon.ico
Sat Jul 11 01:11:04 2026GET ../webpages/favicon.ico
Sat Jul 11 01:11:06 2026GET ../webpages/favicon.ico
Sat Jul 11 01:12:26 2026GET ../webpages/favicon.ico
Sat Jul 11 01:12:28 2026GET ../webpages/favicon.ico
Sat Jul 11 01:13:47 2026GET ../webpages/favicon.ico
Sat Jul 11 01:13:56 2026GET ../webpages/favicon.ico
Sat Jul 11 01:13:56 2026GET ../webpages/favicon.ico
Sat Jul 11 01:13:57 2026GET ../webpages/favicon.ico
Sat Jul 11 01:13:58 2026GET ../webpages/favicon.ico
Sat Jul 11 01:13:58 2026GET ../webpages/favicon.ico
Sat Jul 11 01:13:59 2026GET ../webpages/favicon.ico
Sat Jul 11 01:13:59 2026GET ../webpages/favicon.ico
Sat Jul 11 01:13:59 2026GET ../webpages/favicon.ico
Sat Jul 11 01:14:00 2026GET ../webpages/favicon.ico
Sat Jul 11 01:14:00 2026GET ../webpages/favicon.ico
Sat Jul 11 01:14:00 2026GET ../webpages/favicon.ico
Sat Jul 11 01:14:01 2026GET ../webpages/favicon.ico
Sat Jul 11 01:14:01 2026GET ../webpages/favicon.ico
Sat Jul 11 01:14:08 2026GET ../webpages/404.html
Sat Jul 11 01:14:09 2026GET ../webpages/style.css
Sat Jul 11 01:14:11 2026GET ../webpages/favicon.ico
Sat Jul 11 01:14:12 2026GET ../webpages/favicon.ico
Sat Jul 11 01:14:13 2026GET ../webpages/404.html
Sat Jul 11 01:14:13 2026GET ../webpages/style.css
Sat Jul 11 01:20:34 2026GET ../webpages/favicon.ico
Sat Jul 11 01:20:35 2026GET ../webpages/favicon.ico
Sat Jul 11 01:20:37 2026GET ../webpages/favicon.ico
Sat Jul 11 01:20:37 2026GET ../webpages/favicon.ico
Sat Jul 11 01:20:38 2026GET ../webpages/favicon.ico
Sat Jul 11 01:20:39 2026GET ../webpages/favicon.ico
Sat Jul 11 01:20:40 2026GET ../webpages/favicon.ico
Sat Jul 11 01:20:41 2026GET ../webpages/favicon.ico
Sat Jul 11 01:20:41 2026GET ../webpages/favicon.ico
Sat Jul 11 01:20:42 2026GET ../webpages/favicon.ico
Sat Jul 11 01:20:45 2026GET ../webpages/404.html
Sat Jul 11 01:20:45 2026GET ../webpages/style.css
Sat Jul 11 01:20:48 2026GET ../webpages/404.html
Sat Jul 11 01:20:48 2026GET ../webpages/style.css
Sat Jul 11 01:20:48 2026GET ../webpages/404.html
Sat Jul 11 01:20:48 2026GET ../webpages/style.css
Sat Jul 11 01:20:48 2026GET ../webpages/404.html
Sat Jul 11 01:20:49 2026GET ../webpages/style.css
Sat Jul 11 01:20:49 2026GET ../webpages/404.html
Sat Jul 11 01:20:49 2026GET ../webpages/style.css
Sat Jul 11 01:20:49 2026GET ../webpages/404.html
Sat Jul 11 01:20:49 2026GET ../webpages/style.css
Sat Jul 11 01:20:50 2026GET ../webpages/404.html
Sat Jul 11 01:20:50 2026GET ../webpages/style.css
Sat Jul 11 01:20:50 2026GET ../webpages/404.html
Sat Jul 11 01:20:50 2026GET ../webpages/style.css
Sat Jul 11 01:20:53 2026GET ../webpages/favicon.ico
Sat Jul 11 01:20:59 2026GET ../webpages/favicon.ico
Sat Jul 11 01:21:00 2026GET ../webpages/favicon.ico
Sat Jul 11 01:21:01 2026GET ../webpages/favicon.ico
Sat Jul 11 01:21:10 2026GET ../webpages/403.html
Sat Jul 11 01:21:11 2026GET ../webpages/style.css
Sat Jul 11 01:21:13 2026GET ../webpages/403.html
Sat Jul 11 01:21:13 2026GET ../webpages/style.css
Sat Jul 11 01:21:16 2026GET ../webpages/favicon.ico
Sat Jul 11 01:21:21 2026GET ../webpages/favicon.ico
Sat Jul 11 01:21:22 2026GET ../webpages/favicon.ico
Sat Jul 11 01:21:25 2026GET ../webpages/favicon.ico
Sat Jul 11 01:21:28 2026GET ../webpages/favicon.ico
Sat Jul 11 01:21:29 2026GET ../webpages/favicon.ico
Sat Jul 11 01:21:30 2026GET ../webpages/favicon.ico
Sat Jul 11 01:21:30 2026GET ../webpages/favicon.ico
Sat Jul 11 01:22:46 2026GET ../webpages/favicon.ico
Sat Jul 11 01:22:47 2026GET ../webpages/favicon.ico
Sat Jul 11 01:22:49 2026GET ../webpages/favicon.ico
Sat Jul 11 01:22:50 2026GET ../webpages/favicon.ico
Sat Jul 11 01:22:50 2026GET ../webpages/favicon.ico
Sat Jul 11 01:22:53 2026GET ../webpages/403.html
Sat Jul 11 01:22:54 2026GET ../webpages/style.css
Sat Jul 11 01:22:57 2026GET ../webpages/favicon.ico
Sat Jul 11 01:23:01 2026GET ../webpages/favicon.ico
Sat Jul 11 01:23:02 2026GET ../webpages/favicon.ico
Sat Jul 11 01:23:10 2026GET ../webpages/favicon.ico
Sat Jul 11 01:23:11 2026GET ../webpages/favicon.ico
Sat Jul 11 01:23:24 2026GET ../webpages/favicon.ico
Sat Jul 11 01:23:34 2026GET ../webpages/favicon.ico
Sat Jul 11 01:23:39 2026GET ../webpages/403.html
Sat Jul 11 01:23:39 2026GET ../webpages/style.css
Sat Jul 11 01:23:44 2026GET ../webpages/405.html
Sat Jul 11 01:23:44 2026GET ../webpages/style.css
Sat Jul 11 01:23:46 2026GET ../webpages/405.html
Sat Jul 11 01:23:46 2026GET ../webpages/style.css
Sat Jul 11 01:23:47 2026GET ../webpages/405.html
Sat Jul 11 01:23:47 2026GET ../webpages/style.css
Sat Jul 11 01:23:51 2026GET ../webpages/favicon.ico
Sat Jul 11 01:26:03 2026GET ../webpages/favicon.ico
Sat Jul 11 01:26:05 2026GET ../webpages/405.html
Sat Jul 11 01:26:05 2026GET ../webpages/style.css
Sat Jul 11 01:26:06 2026GET ../webpages/405.html
Sat Jul 11 01:26:06 2026GET ../webpages/style.css
Sat Jul 11 01:26:11 2026GET ../webpages/favicon.ico
Sat Jul 11 01:26:13 2026GET ../webpages/favicon.ico
Sat Jul 11 01:26:21 2026GET ../webpages/403.html
Sat Jul 11 01:26:21 2026GET ../webpages/style.css
Sat Jul 11 01:26:24 2026GET ../webpages/favicon.ico
Sat Jul 11 01:26:26 2026GET ../webpages/favicon.ico
Sat Jul 11 01:26:27 2026GET ../webpages/favicon.ico
Sat Jul 11 01:26:30 2026GET ../webpages/403.html
Sat Jul 11 01:26:30 2026GET ../webpages/style.css
Sat Jul 11 01:26:44 2026GET ../webpages/403.html
Sat Jul 11 01:26:44 2026GET ../webpages/style.css
Sat Jul 11 01:38:53 2026GET ../webpages/favicon.ico
Sat Jul 11 01:38:55 2026GET ../webpages/favicon.ico
Sat Jul 11 01:38:56 2026GET ../webpages/favicon.ico
Sat Jul 11 01:38:57 2026GET ../webpages/favicon.ico
Sat Jul 11 01:38:57 2026GET ../webpages/favicon.ico
Sat Jul 11 01:38:57 2026GET ../webpages/favicon.ico
Sat Jul 11 01:38:58 2026GET ../webpages/favicon.ico
Sat Jul 11 01:40:28 2026GET ../webpages/favicon.ico
Sat Jul 11 01:40:29 2026GET ../webpages/favicon.ico
Sat Jul 11 01:40:30 2026GET ../webpages/favicon.ico
Sat Jul 11 01:40:35 2026GET ../webpages/index.html
Sat Jul 11 01:40:35 2026GET ../webpages/style.css
Sat Jul 11 01:40:37 2026GET ../webpages/favicon.ico
Sat Jul 11 01:48:02 2026GET ../webpages/wp-login.php
Sat Jul 11 01:53:38 2026GET ../webpages/index.html
Sat Jul 11 01:54:04 2026GET ../webpages/wp-login.php
Sat Jul 11 02:58:43 2026GET ../webpages/favicon.ico
Sat Jul 11 02:58:47 2026GET ../webpages/favicon.ico
Sat Jul 11 02:58:48 2026GET ../webpages/favicon.ico
Sat Jul 11 02:58:49 2026GET ../webpages/favicon.ico
Sat Jul 11 02:58:49 2026GET ../webpages/favicon.ico
Sat Jul 11 02:58:50 2026GET ../webpages/favicon.ico
Sat Jul 11 02:58:51 2026GET ../webpages/favicon.ico
Sat Jul 11 03:09:25 2026GET ../webpages/metrics
Sat Jul 11 03:09:25 2026GET ../webpages/style.css
Sat Jul 11 03:09:33 2026GET ../webpages/metrics.html
Sat Jul 11 03:09:34 2026GET ../webpages/style.css
Sat Jul 11 03:09:42 2026GET ../webpages/index.html
Sat Jul 11 03:09:42 2026GET ../webpages/style.css
Sat Jul 11 03:09:48 2026GET ../webpages/index.html
Sat Jul 11 03:09:48 2026GET ../webpages/style.css
Sat Jul 11 03:09:49 2026GET ../webpages/index.html
Sat Jul 11 03:09:49 2026GET ../webpages/style.css
Sat Jul 11 03:10:01 2026GET ../webpages/metrics.html
Sat Jul 11 03:10:01 2026GET ../webpages/style.css
Sat Jul 11 03:12:55 2026GET ../webpages/metrics.html
Sat Jul 11 03:12:55 2026GET ../webpages/style.css
Sat Jul 11 03:12:56 2026GET ../webpages/metrics.html
Sat Jul 11 03:12:56 2026GET ../webpages/style.css
Sat Jul 11 03:13:22 2026GET ../webpages/metrics.html
Sat Jul 11 03:13:22 2026GET ../webpages/style.css
Sat Jul 11 03:13:23 2026GET ../webpages/metrics.html
Sat Jul 11 03:13:23 2026GET ../webpages/style.css
Sat Jul 11 03:13:24 2026GET ../webpages/metrics.html
Sat Jul 11 03:13:24 2026GET ../webpages/style.css
Sat Jul 11 03:13:24 2026GET ../webpages/metrics.html
Sat Jul 11 03:13:24 2026GET ../webpages/style.css
Sat Jul 11 03:13:25 2026GET ../webpages/metrics.html
Sat Jul 11 03:13:25 2026GET ../webpages/style.css
Sat Jul 11 03:13:25 2026GET ../webpages/metrics.html
Sat Jul 11 03:13:25 2026GET ../webpages/style.css
Sat Jul 11 03:13:26 2026GET ../webpages/metrics.html
Sat Jul 11 03:13:26 2026GET ../webpages/style.css
Sat Jul 11 03:13:26 2026GET ../webpages/metrics.html
Sat Jul 11 03:13:26 2026GET ../webpages/style.css
Sat Jul 11 03:13:26 2026GET ../webpages/metrics.html
Sat Jul 11 03:13:26 2026GET ../webpages/style.css
Sat Jul 11 03:13:27 2026GET ../webpages/metrics.html
Sat Jul 11 03:13:27 2026GET ../webpages/style.css
Sat Jul 11 03:13:27 2026GET ../webpages/metrics.html
Sat Jul 11 03:13:27 2026GET ../webpages/style.css
Sat Jul 11 03:13:27 2026GET ../webpages/metrics.html
Sat Jul 11 03:13:27 2026GET ../webpages/style.css
Sat Jul 11 03:13:28 2026GET ../webpages/metrics.html
Sat Jul 11 03:13:28 2026GET ../webpages/style.css
Sat Jul 11 03:13:28 2026GET ../webpages/metrics.html
Sat Jul 11 03:13:28 2026GET ../webpages/style.css
Sat Jul 11 03:13:28 2026GET ../webpages/metrics.html
Sat Jul 11 03:13:28 2026GET ../webpages/style.css
Sat Jul 11 03:13:29 2026GET ../webpages/metrics.html
Sat Jul 11 03:13:29 2026GET ../webpages/style.css
Sat Jul 11 03:13:29 2026GET ../webpages/metrics.html
Sat Jul 11 03:13:29 2026GET ../webpages/style.css
Sat Jul 11 03:13:30 2026GET ../webpages/metrics.html
Sat Jul 11 03:13:30 2026GET ../webpages/style.css
Sat Jul 11 03:13:30 2026GET ../webpages/metrics.html
Sat Jul 11 03:13:30 2026GET ../webpages/style.css
Sat Jul 11 03:13:30 2026GET ../webpages/metrics.html
Sat Jul 11 03:13:30 2026GET ../webpages/style.css
Sat Jul 11 03:13:31 2026GET ../webpages/metrics.html
Sat Jul 11 03:13:31 2026GET ../webpages/style.css
Sat Jul 11 03:13:31 2026GET ../webpages/metrics.html
Sat Jul 11 03:13:31 2026GET ../webpages/style.css
Sat Jul 11 03:13:31 2026GET ../webpages/metrics.html
Sat Jul 11 03:13:31 2026GET ../webpages/style.css
Sat Jul 11 03:13:32 2026GET ../webpages/metrics.html
Sat Jul 11 03:13:32 2026GET ../webpages/style.css
Sat Jul 11 03:13:32 2026GET ../webpages/metrics.html
Sat Jul 11 03:13:32 2026GET ../webpages/style.css
Sat Jul 11 03:13:32 2026GET ../webpages/metrics.html
Sat Jul 11 03:13:33 2026GET ../webpages/style.css
Sat Jul 11 03:13:33 2026GET ../webpages/metrics.html
Sat Jul 11 03:13:33 2026GET ../webpages/style.css
Sat Jul 11 03:13:59 2026GET ../webpages/metrics.html
Sat Jul 11 03:13:59 2026GET ../webpages/style.css
Sat Jul 11 03:14:06 2026GET ../webpages/metrics.html
Sat Jul 11 03:14:06 2026GET ../webpages/style.css
Sat Jul 11 03:17:17 2026GET ../webpages/index.html
Sat Jul 11 03:17:17 2026GET ../webpages/style.css
Sat Jul 11 03:17:26 2026GET ../webpages/metrics.html
Sat Jul 11 03:17:26 2026GET ../webpages/style.css
Sat Jul 11 03:17:28 2026GET ../webpages/index.html
Sat Jul 11 03:17:28 2026GET ../webpages/style.css
Sat Jul 11 03:17:31 2026GET ../webpages/metrics.html
Sat Jul 11 03:17:31 2026GET ../webpages/style.css
Sat Jul 11 03:17:39 2026GET ../webpages/docs.html
Sat Jul 11 03:17:39 2026GET ../webpages/style.css
Sat Jul 11 03:17:42 2026GET ../webpages/metrics.html
Sat Jul 11 03:17:42 2026GET ../webpages/style.css
Sat Jul 11 03:17:43 2026GET ../webpages/docs.html
Sat Jul 11 03:17:43 2026GET ../webpages/style.css
Sat Jul 11 03:17:44 2026GET ../webpages/metrics.html
Sat Jul 11 03:17:44 2026GET ../webpages/style.css
Sat Jul 11 03:17:51 2026GET ../webpages/docs.html
Sat Jul 11 03:17:51 2026GET ../webpages/style.css
Sat Jul 11 03:17:52 2026GET ../webpages/metrics.html
Sat Jul 11 03:17:52 2026GET ../webpages/style.css
Sat Jul 11 03:18:26 2026GET ../webpages/docs.html
Sat Jul 11 03:18:26 2026GET ../webpages/style.css
Sat Jul 11 03:19:00 2026GET ../webpages/index.html
Sat Jul 11 03:19:00 2026GET ../webpages/style.css
Sat Jul 11 03:20:08 2026GET ../webpages/metrics
Sat Jul 11 03:20:09 2026GET ../webpages/style.css
Sat Jul 11 03:20:09 2026GET ../webpages/favicon.ico
Sat Jul 11 03:20:22 2026GET ../webpages/metrics
Sat Jul 11 03:20:22 2026GET ../webpages/style.css
Sat Jul 11 03:20:24 2026GET ../webpages/metrics
Sat Jul 11 03:20:24 2026GET ../webpages/style.css
Sat Jul 11 03:20:24 2026GET ../webpages/index.html
Sat Jul 11 03:20:25 2026GET ../webpages/style.css
Sat Jul 11 03:20:25 2026GET ../webpages/metrics
Sat Jul 11 03:20:25 2026GET ../webpages/style.css
Sat Jul 11 03:20:26 2026GET ../webpages/favicon.ico
Sat Jul 11 03:20:29 2026GET ../webpages/metrics.html
Sat Jul 11 03:20:29 2026GET ../webpages/style.css
Sat Jul 11 03:20:41 2026GET ../webpages/metrics.html
Sat Jul 11 03:20:42 2026GET ../webpages/favicon.ico
Sat Jul 11 03:20:51 2026GET ../webpages/metrics.html
Sat Jul 11 03:20:52 2026GET ../webpages/style.css
Sat Jul 11 03:21:31 2026GET ../webpages/metrics.html
Sat Jul 11 03:21:32 2026GET ../webpages/style.css
Sat Jul 11 03:22:02 2026GET ../webpages/metrics.html
Sat Jul 11 03:22:02 2026GET ../webpages/style.css
Sat Jul 11 03:22:02 2026GET ../webpages/favicon.ico
Sat Jul 11 03:22:04 2026GET ../webpages/metrics.html
Sat Jul 11 03:22:05 2026GET ../webpages/style.css
Sat Jul 11 03:22:44 2026GET ../webpages/index.html
Sat Jul 11 03:22:44 2026GET ../webpages/style.css
Sat Jul 11 03:22:45 2026GET ../webpages/docs.html
Sat Jul 11 03:22:45 2026GET ../webpages/style.css
Sat Jul 11 03:22:47 2026GET ../webpages/metrics.html
Sat Jul 11 03:22:47 2026GET ../webpages/style.css
Sat Jul 11 03:22:49 2026GET ../webpages/docs.html
Sat Jul 11 03:22:50 2026GET ../webpages/style.css
Sat Jul 11 03:22:50 2026GET ../webpages/resume.html
Sat Jul 11 03:22:50 2026GET ../webpages/style.css
Sat Jul 11 03:22:51 2026GET ../webpages/favicon.ico
Sat Jul 11 03:22:52 2026GET ../webpages/metrics.html
Sat Jul 11 03:22:53 2026GET ../webpages/style.css
Sat Jul 11 03:22:53 2026GET ../webpages/favicon.ico
Sat Jul 11 03:22:57 2026GET ../webpages/metrics.html
Sat Jul 11 03:22:57 2026GET ../webpages/style.css
Sat Jul 11 03:22:58 2026GET ../webpages/resume.html
Sat Jul 11 03:22:58 2026GET ../webpages/metrics.html
Sat Jul 11 03:22:58 2026GET ../webpages/style.css
Sat Jul 11 03:22:58 2026GET ../webpages/style.css
Sat Jul 11 03:22:59 2026GET ../webpages/favicon.ico
Sat Jul 11 03:23:00 2026GET ../webpages/favicon.ico
Sat Jul 11 03:23:15 2026GET ../webpages/metrics.html
Sat Jul 11 03:23:15 2026GET ../webpages/style.css
Sat Jul 11 03:34:56 2026GET ../webpages/robots.txt
Sat Jul 11 04:47:13 2026GET ../webpages/index.html
Sat Jul 11 05:23:05 2026GET ../webpages/index.html
Sat Jul 11 05:23:06 2026GET ../webpages/style.css
Sat Jul 11 05:23:06 2026GET ../webpages/favicon.ico
Sat Jul 11 05:23:10 2026GET ../webpages/favicon.ico
Sat Jul 11 05:35:09 2026GET ../webpages/robots.txt
Sat Jul 11 05:42:37 2026GET ../webpages/index.html
Sat Jul 11 06:59:36 2026GET ../webpages/robots.txt
Sat Jul 11 08:02:29 2026GET ../webpages/index.html
Sat Jul 11 08:15:40 2026GET ../webpages/robots.txt
Sat Jul 11 09:46:22 2026GET ../webpages/index.html
Sat Jul 11 09:46:24 2026GET ../webpages/style.css
Sat Jul 11 09:46:30 2026GET ../webpages/index.html
Sat Jul 11 09:46:55 2026GET ../webpages/resume.html
Sat Jul 11 09:46:55 2026GET ../webpages/style.css
Sat Jul 11 10:13:06 2026GET ../webpages/robots.txt
Sat Jul 11 10:31:04 2026GET ../webpages/wp-login.php
Sat Jul 11 10:35:39 2026GET ../webpages/index.html
Sat Jul 11 10:35:40 2026GET ../webpages/style.css
Sat Jul 11 10:35:41 2026GET ../webpages/favicon.ico
Sat Jul 11 10:38:00 2026GET ../webpages/index.html
Sat Jul 11 11:14:16 2026GET ../webpages/favicon.ico
Sat Jul 11 11:16:00 2026GET ../webpages/favicon.ico
Sat Jul 11 11:16:04 2026GET ../webpages/favicon.ico
Sat Jul 11 11:16:14 2026GET ../webpages/metrics.html
Sat Jul 11 11:16:14 2026GET ../webpages/style.css
Sat Jul 11 11:36:22 2026GET ../webpages/wp-login.php
Sat Jul 11 11:36:39 2026GET ../webpages/index.html
Sat Jul 11 11:42:08 2026GET ../webpages/robots.txt
Sat Jul 11 12:27:45 2026GET ../webpages/index.html
Sat Jul 11 12:27:45 2026GET ../webpages/style.css
Sat Jul 11 12:27:45 2026GET ../webpages/favicon.ico
Sat Jul 11 12:27:58 2026GET ../webpages/metrics.html
Sat Jul 11 12:27:58 2026GET ../webpages/style.css
Sat Jul 11 12:28:00 2026GET ../webpages/index.html
Sat Jul 11 12:28:00 2026GET ../webpages/style.css
Sat Jul 11 12:35:24 2026GET ../webpages/index.html
Sat Jul 11 12:39:17 2026GET ../webpages/index.html
Sat Jul 11 12:39:17 2026GET ../webpages/style.css
Sat Jul 11 12:39:20 2026GET ../webpages/resume.html
Sat Jul 11 12:39:20 2026GET ../webpages/style.css
Sat Jul 11 12:47:56 2026GET ../webpages/index.html
Sat Jul 11 12:47:57 2026GET ../webpages/index.html
Sat Jul 11 12:47:57 2026GET ../webpages/style.css
Sat Jul 11 12:47:57 2026GET ../webpages/style.css
Sat Jul 11 12:47:58 2026GET ../webpages/favicon.ico
Sat Jul 11 12:47:58 2026GET ../webpages/favicon.ico
Sat Jul 11 12:48:01 2026GET ../webpages/favicon.ico
Sat Jul 11 12:48:01 2026GET ../webpages/favicon.ico
Sat Jul 11 12:48:02 2026GET ../webpages/ads.txt
Sat Jul 11 12:48:02 2026GET ../webpages/ads.txt
Sat Jul 11 12:48:02 2026GET ../webpages/app-ads.txt
Sat Jul 11 12:48:07 2026GET ../webpages/app-ads.txt
Sat Jul 11 12:48:07 2026GET ../webpages/sellers.json
Sat Jul 11 12:48:08 2026GET ../webpages/sellers.json
Sat Jul 11 12:55:37 2026GET ../webpages/index.html
Sat Jul 11 13:07:49 2026GET ../webpages/robots.txt
Sat Jul 11 13:29:20 2026GET ../webpages/metrics.html
Sat Jul 11 13:29:20 2026GET ../webpages/style.css
Sat Jul 11 13:29:31 2026GET ../webpages/metrics.html
Sat Jul 11 13:29:31 2026GET ../webpages/style.css
Sat Jul 11 13:29:36 2026GET ../webpages/metrics.html
Sat Jul 11 13:29:36 2026GET ../webpages/style.css
Sat Jul 11 13:30:25 2026GET ../webpages/metrics.html
Sat Jul 11 13:30:26 2026GET ../webpages/style.css
Sat Jul 11 13:30:47 2026GET ../webpages/metrics
Sat Jul 11 13:30:48 2026GET ../webpages/style.css
Sat Jul 11 13:30:49 2026GET ../webpages/metrics.html
Sat Jul 11 13:30:49 2026GET ../webpages/style.css
Sat Jul 11 13:33:29 2026GET ../webpages/metrics.html
Sat Jul 11 13:33:30 2026GET ../webpages/style.css
Sat Jul 11 13:33:33 2026GET ../webpages/metrics.html
Sat Jul 11 13:33:33 2026GET ../webpages/style.css
Sat Jul 11 13:39:20 2026GET ../webpages/metrics.html
Sat Jul 11 13:39:21 2026GET ../webpages/style.css
Sat Jul 11 13:43:32 2026GET ../webpages/metrics.html
Sat Jul 11 13:43:32 2026GET ../webpages/style.css
Sat Jul 11 14:15:23 2026GET ../webpages/robots.txt
Sat Jul 11 14:28:55 2026GET ../webpages/index.html
Sat Jul 11 15:00:19 2026GET ../webpages/index.html
Sat Jul 11 15:00:19 2026GET ../webpages/?q=user/login
Sat Jul 11 15:00:20 2026GET ../webpages/administrator/index.php
Sat Jul 11 15:00:20 2026GET ../webpages/admin/
Sat Jul 11 15:00:20 2026GET ../webpages/admin/login.php
Sat Jul 11 15:00:20 2026GET ../webpages/admin/index.php?route=common/login
Sat Jul 11 15:21:17 2026GET ../webpages/metrics.html
Sat Jul 11 15:21:17 2026GET ../webpages/style.css
Sat Jul 11 15:21:18 2026GET ../webpages/favicon.ico
Sat Jul 11 15:22:14 2026GET ../webpages/robots.txt
Sat Jul 11 15:44:38 2026GET ../webpages/wp-login.php
Sat Jul 11 16:07:34 2026GET ../webpages/index.html
Sat Jul 11 16:12:33 2026GET ../webpages/index.html
Sat Jul 11 16:12:35 2026GET ../webpages/style.css
Sat Jul 11 16:12:41 2026GET ../webpages/favicon.ico
Sat Jul 11 16:40:59 2026GET ../webpages/wp-login.php
Sat Jul 11 16:48:01 2026GET ../webpages/robots.txt
Sat Jul 11 17:30:15 2026GET ../webpages/favicon.ico
Sat Jul 11 18:17:35 2026GET ../webpages/index.html
Sat Jul 11 18:17:38 2026GET ../webpages/index.html
Sat Jul 11 18:18:57 2026GET ../webpages/favicon.ico
Sat Jul 11 18:25:50 2026GET ../webpages/robots.txt
Sat Jul 11 19:28:10 2026GET ../webpages/index.html
Sat Jul 11 19:28:10 2026GET ../webpages/index.html
Sat Jul 11 19:58:49 2026GET ../webpages/robots.txt
Sat Jul 11 20:37:40 2026GET ../webpages/wp-login.php
Sat Jul 11 21:17:36 2026GET ../webpages/robots.txt
Sat Jul 11 21:57:33 2026GET ../webpages/index.html
Sat Jul 11 21:57:39 2026GET ../webpages/index.html
Sat Jul 11 22:40:57 2026GET ../webpages/wp-login.php
Sat Jul 11 23:09:36 2026GET ../webpages/index.html
Sat Jul 11 23:09:43 2026GET ../webpages/favicon.ico
Sat Jul 11 23:11:51 2026GET ../webpages/robots.txt
Sat Jul 11 23:15:00 2026GET ../webpages/license.txt
Sat Jul 11 23:17:59 2026GET ../webpages/wp-login.php
Sat Jul 11 23:38:46 2026GET ../webpages/index.html
Sat Jul 11 23:59:51 2026GET ../webpages/index.html
Sun Jul 12 00:33:58 2026GET ../webpages/index.html
Sun Jul 12 00:33:59 2026GET ../webpages/style.css
Sun Jul 12 00:33:59 2026GET ../webpages/favicon.ico
Sun Jul 12 00:34:23 2026GET ../webpages/index.html
Sun Jul 12 00:34:24 2026GET ../webpages/style.css
Sun Jul 12 00:34:25 2026GET ../webpages/metrics.html
Sun Jul 12 00:34:26 2026GET ../webpages/style.css
Sun Jul 12 00:34:28 2026GET ../webpages/docs.html
Sun Jul 12 00:34:28 2026GET ../webpages/style.css
Sun Jul 12 00:34:30 2026GET ../webpages/index.html
Sun Jul 12 00:34:30 2026GET ../webpages/style.css
Sun Jul 12 00:34:32 2026GET ../webpages/projects.html
Sun Jul 12 00:34:32 2026GET ../webpages/style.css
Sun Jul 12 00:34:39 2026GET ../webpages/metrics.html
Sun Jul 12 00:34:39 2026GET ../webpages/style.css
Sun Jul 12 00:34:59 2026GET ../webpages/index.html
Sun Jul 12 00:34:59 2026GET ../webpages/style.css
Sun Jul 12 00:35:08 2026GET ../webpages/resume.html
Sun Jul 12 00:35:08 2026GET ../webpages/style.css
Sun Jul 12 00:35:16 2026GET ../webpages/resume.html
Sun Jul 12 00:35:16 2026GET ../webpages/style.css
Sun Jul 12 00:35:40 2026GET ../webpages/metrics.html
Sun Jul 12 00:35:40 2026GET ../webpages/style.css
Sun Jul 12 00:48:21 2026GET ../webpages/index.html
Sun Jul 12 00:49:16 2026GET ../webpages/wp-login.php
Sun Jul 12 01:00:29 2026GET ../webpages/index.html
Sun Jul 12 01:00:29 2026GET ../webpages/style.css
Sun Jul 12 01:04:11 2026GET ../webpages/robots.txt
Sun Jul 12 01:05:20 2026GET ../webpages/index.html
Sun Jul 12 01:05:20 2026GET ../webpages/style.css
Sun Jul 12 01:05:20 2026GET ../webpages/favicon.ico
Sun Jul 12 01:05:28 2026GET ../webpages/favicon.ico
Sun Jul 12 01:09:28 2026GET ../webpages/favicon.ico
Sun Jul 12 01:12:44 2026GET ../webpages/index.html
Sun Jul 12 01:12:44 2026GET ../webpages/style.css
Sun Jul 12 01:12:45 2026GET ../webpages/favicon.ico
Sun Jul 12 01:12:49 2026GET ../webpages/metrics.html
Sun Jul 12 01:12:49 2026GET ../webpages/style.css
Sun Jul 12 01:18:35 2026GET ../webpages/metrics.html
Sun Jul 12 01:18:35 2026GET ../webpages/style.css
Sun Jul 12 01:38:10 2026: GET ../webpages/favicon.ico
Sun Jul 12 01:38:17 2026: GET ../webpages/favicon.ico
Sun Jul 12 01:38:17 2026: GET ../webpages/favicon.ico
Sun Jul 12 01:38:18 2026: GET ../webpages/favicon.ico
Sun Jul 12 01:38:19 2026: GET ../webpages/favicon.ico
Sun Jul 12 01:38:21 2026: GET ../webpages/favicon.ico
Sun Jul 12 01:38:58 2026: GET ../webpages/metrics.html
Sun Jul 12 01:38:59 2026: GET ../webpages/style.css
Sun Jul 12 01:39:03 2026: GET ../webpages/favicon.ico
Sun Jul 12 01:39:04 2026: GET ../webpages/favicon.ico
Sun Jul 12 01:39:05 2026: GET ../webpages/favicon.ico
Sun Jul 12 01:39:05 2026: GET ../webpages/favicon.ico
Sun Jul 12 01:39:05 2026: GET ../webpages/favicon.ico
Sun Jul 12 01:39:06 2026: GET ../webpages/favicon.ico
Sun Jul 12 01:39:06 2026: GET ../webpages/favicon.ico
Sun Jul 12 01:39:06 2026: GET ../webpages/favicon.ico
Sun Jul 12 01:39:06 2026: GET ../webpages/favicon.ico
Sun Jul 12 01:39:07 2026: GET ../webpages/favicon.ico
Sun Jul 12 01:39:07 2026: GET ../webpages/favicon.ico
Sun Jul 12 01:39:07 2026: GET ../webpages/favicon.ico
Sun Jul 12 01:39:08 2026: GET ../webpages/favicon.ico
Sun Jul 12 01:39:08 2026: GET ../webpages/favicon.ico
Sun Jul 12 01:39:08 2026: GET ../webpages/favicon.ico
Sun Jul 12 01:39:09 2026: GET ../webpages/favicon.ico
Sun Jul 12 01:39:09 2026: GET ../webpages/favicon.ico
Sun Jul 12 01:39:09 2026: GET ../webpages/favicon.ico
Sun Jul 12 01:39:58 2026: GET ../webpages/metrics.html
Sun Jul 12 01:39:59 2026: GET ../webpages/style.css
Sun Jul 12 01:40:00 2026: GET ../webpages/metrics.html
Sun Jul 12 01:40:01 2026: GET ../webpages/style.css
Sun Jul 12 01:40:02 2026: GET ../webpages/metrics.html
Sun Jul 12 01:40:02 2026: GET ../webpages/style.css
Sun Jul 12 01:40:04 2026: GET ../webpages/metrics.html
Sun Jul 12 01:40:04 2026: GET ../webpages/style.css
Sun Jul 12 01:40:06 2026: GET ../webpages/metrics.html
Sun Jul 12 01:40:06 2026: GET ../webpages/style.css
Sun Jul 12 01:40:08 2026: GET ../webpages/metrics.html
Sun Jul 12 01:40:08 2026: GET ../webpages/style.css
Sun Jul 12 01:43:11 2026: GET ../webpages/metrics.html
Sun Jul 12 01:43:11 2026: GET ../webpages/style.css
Sun Jul 12 01:43:12 2026: GET ../webpages/metrics.html
Sun Jul 12 01:43:12 2026: GET ../webpages/style.css
Sun Jul 12 01:43:15 2026: GET ../webpages/metrics.html
Sun Jul 12 01:43:15 2026: GET ../webpages/style.css
Sun Jul 12 01:43:17 2026: GET ../webpages/metrics.html
Sun Jul 12 01:43:18 2026: GET ../webpages/style.css
Sun Jul 12 01:43:19 2026: GET ../webpages/metrics.html
Sun Jul 12 01:43:19 2026: GET ../webpages/style.css
Sun Jul 12 01:43:21 2026: GET ../webpages/metrics.html
Sun Jul 12 01:43:21 2026: GET ../webpages/style.css
Sun Jul 12 01:43:24 2026: GET ../webpages/metrics.html
Sun Jul 12 01:43:24 2026: GET ../webpages/style.css
Sun Jul 12 01:43:26 2026: GET ../webpages/metrics.html
Sun Jul 12 01:43:26 2026: GET ../webpages/style.css
Sun Jul 12 01:43:29 2026: GET ../webpages/favicon.ico
Sun Jul 12 01:43:31 2026: GET ../webpages/favicon.ico
Sun Jul 12 01:43:31 2026: GET ../webpages/favicon.ico
Sun Jul 12 01:43:32 2026: GET ../webpages/favicon.ico
Sun Jul 12 01:43:33 2026: GET ../webpages/favicon.ico
Sun Jul 12 01:43:35 2026: GET ../webpages/favicon.ico
Sun Jul 12 01:43:36 2026: GET ../webpages/favicon.ico
Sun Jul 12 01:43:36 2026: GET ../webpages/favicon.ico
Sun Jul 12 01:43:37 2026: GET ../webpages/favicon.ico
Sun Jul 12 01:43:38 2026: GET ../webpages/favicon.ico
Sun Jul 12 01:43:38 2026: GET ../webpages/favicon.ico
Sun Jul 12 01:43:39 2026: GET ../webpages/favicon.ico
Sun Jul 12 01:43:39 2026: GET ../webpages/favicon.ico
Sun Jul 12 01:43:40 2026: GET ../webpages/favicon.ico
Sun Jul 12 01:43:42 2026: GET ../webpages/favicon.ico
Sun Jul 12 01:43:43 2026: GET ../webpages/favicon.ico
Sun Jul 12 01:43:44 2026: GET ../webpages/favicon.ico
Sun Jul 12 01:43:45 2026: GET ../webpages/favicon.ico
Sun Jul 12 01:43:45 2026: GET ../webpages/favicon.ico
Sun Jul 12 01:43:46 2026: GET ../webpages/favicon.ico
Sun Jul 12 01:43:47 2026: GET ../webpages/favicon.ico
Sun Jul 12 01:43:47 2026: GET ../webpages/favicon.ico
Sun Jul 12 01:45:12 2026: GET ../webpages/favicon.ico
Sun Jul 12 01:55:48 2026: GET ../webpages/metrics.html
Sun Jul 12 01:55:48 2026: GET ../webpages/style.css
Sun Jul 12 01:55:54 2026: GET ../webpages/metrics.html
Sun Jul 12 01:55:54 2026: GET ../webpages/style.css
Sun Jul 12 01:55:54 2026: GET ../webpages/metrics.html
Sun Jul 12 01:55:54 2026: GET ../webpages/style.css
Sun Jul 12 01:55:55 2026: GET ../webpages/metrics.html
Sun Jul 12 01:55:55 2026: GET ../webpages/style.css
Sun Jul 12 01:55:55 2026: GET ../webpages/metrics.html
Sun Jul 12 01:55:55 2026: GET ../webpages/style.css
Sun Jul 12 01:55:55 2026: GET ../webpages/metrics.html
Sun Jul 12 01:55:56 2026: GET ../webpages/style.css
Sun Jul 12 01:55:56 2026: GET ../webpages/metrics.html
Sun Jul 12 01:55:56 2026: GET ../webpages/style.css
Sun Jul 12 01:55:56 2026: GET ../webpages/metrics.html
Sun Jul 12 01:55:56 2026: GET ../webpages/style.css
Sun Jul 12 01:55:57 2026: GET ../webpages/metrics.html
Sun Jul 12 01:55:57 2026: GET ../webpages/style.css
Sun Jul 12 01:55:57 2026: GET ../webpages/metrics.html
Sun Jul 12 01:55:57 2026: GET ../webpages/style.css
Sun Jul 12 01:55:58 2026: GET ../webpages/metrics.html
Sun Jul 12 01:55:58 2026: GET ../webpages/style.css
Sun Jul 12 01:55:58 2026: GET ../webpages/metrics.html
Sun Jul 12 01:55:58 2026: GET ../webpages/style.css
Sun Jul 12 01:55:58 2026: GET ../webpages/metrics.html
Sun Jul 12 01:55:59 2026: GET ../webpages/style.css
Sun Jul 12 01:55:59 2026: GET ../webpages/metrics.html
Sun Jul 12 01:55:59 2026: GET ../webpages/style.css
Sun Jul 12 01:55:59 2026: GET ../webpages/metrics.html
Sun Jul 12 01:55:59 2026: GET ../webpages/style.css
Sun Jul 12 01:55:59 2026: GET ../webpages/metrics.html
Sun Jul 12 01:56:00 2026: GET ../webpages/style.css
Sun Jul 12 01:56:00 2026: GET ../webpages/metrics.html
Sun Jul 12 01:56:00 2026: GET ../webpages/style.css
Sun Jul 12 01:56:01 2026: GET ../webpages/metrics.html
Sun Jul 12 01:56:01 2026: GET ../webpages/style.css
Sun Jul 12 01:56:01 2026: GET ../webpages/metrics.html
Sun Jul 12 01:56:01 2026: GET ../webpages/metrics.html
Sun Jul 12 01:56:02 2026: GET ../webpages/style.css
Sun Jul 12 01:56:02 2026: GET ../webpages/metrics.html
Sun Jul 12 01:56:02 2026: GET ../webpages/style.css
Sun Jul 12 01:56:02 2026: GET ../webpages/metrics.html
Sun Jul 12 01:56:03 2026: GET ../webpages/style.css
Sun Jul 12 01:56:03 2026: GET ../webpages/metrics.html
Sun Jul 12 01:56:03 2026: GET ../webpages/style.css
Sun Jul 12 01:56:04 2026: GET ../webpages/metrics.html
Sun Jul 12 01:56:04 2026: GET ../webpages/style.css
Sun Jul 12 01:56:04 2026: GET ../webpages/metrics.html
Sun Jul 12 01:56:04 2026: GET ../webpages/style.css
Sun Jul 12 01:56:04 2026: GET ../webpages/metrics.html
Sun Jul 12 01:56:04 2026: GET ../webpages/style.css
Sun Jul 12 01:56:04 2026: GET ../webpages/metrics.html
Sun Jul 12 01:56:04 2026: GET ../webpages/style.css
Sun Jul 12 01:56:05 2026: GET ../webpages/metrics.html
Sun Jul 12 01:56:05 2026: GET ../webpages/style.css
Sun Jul 12 01:56:05 2026: GET ../webpages/metrics.html
Sun Jul 12 01:56:05 2026: GET ../webpages/style.css
Sun Jul 12 01:56:12 2026: GET ../webpages/index.html
Sun Jul 12 01:56:12 2026: GET ../webpages/style.css
Sun Jul 12 01:56:17 2026: GET ../webpages/docs.html
Sun Jul 12 01:56:17 2026: GET ../webpages/style.css
Sun Jul 12 01:56:18 2026: GET ../webpages/metrics.html
Sun Jul 12 01:56:18 2026: GET ../webpages/style.css
Sun Jul 12 01:56:23 2026: GET ../webpages/metrics.html
Sun Jul 12 01:56:23 2026: GET ../webpages/style.css
Sun Jul 12 01:56:24 2026: GET ../webpages/resume.html
Sun Jul 12 01:56:24 2026: GET ../webpages/style.css
Sun Jul 12 01:56:25 2026: GET ../webpages/projects.html
Sun Jul 12 01:56:26 2026: GET ../webpages/style.css
Sun Jul 12 01:56:27 2026: GET ../webpages/resume.html
Sun Jul 12 01:56:27 2026: GET ../webpages/style.css
Sun Jul 12 01:57:39 2026: GET ../webpages/resume.html
Sun Jul 12 01:57:39 2026: GET ../webpages/style.css
